apiVersion: fiaas.schibsted.io/v1
kind: ApplicationStatus
metadata:
  labels:
    app: simple-initiated
    fiaas/deployment_id: 0
  name: simple-initiated-0
  namespace: "default"
result: INITIATED
