apiVersion: fiaas.schibsted.io/v1
kind: ApplicationStatus
metadata:
  labels:
    app: simple-failed-4
    fiaas/deployment_id: 4
  name: simple-failed-4
  namespace: "default"
result: FAILED

